// Jest Snapshot v1, https://goo.gl/fbAQLP

exports[`it should match 1 1`] = `"<div class=\\" min-w-11/12 min-h-screen items-center justify-center top-0\\"><div style=\\"border-bottom: .5px solid grey;\\" class=\\"w-full text-center flex justify-center flex-col bg-green-200 pl-1 py-2\\"><ul class=\\"flex space-x-4 content-around text-center items-center text-blue-800\\"><li class=\\"cursor-pointer\\"><a href=\\"/criteria\\">criteria</a></li><li class=\\"cursor-pointer\\"><a href=\\"/patients\\">patients</a></li></ul></div><div>Loading...</div></div>"`;
